[Debug]2017/05/07 20:19:03 a devug message here
[info]2017/05/07 20:19:03 a debug message here
[info]2017/05/07 20:19:03 a debug message here
